../Drivers/CMSIS/Include/core_cm4.h:2064:26:ITM_SendChar	16	static,ignoring_inline_asm
../Core/Src/main.c:63:5:__io_putchar	16	static
../Core/Src/main.c:92:5:main	8	static
../Core/Src/main.c:168:6:SystemClock_Config	88	static
../Core/Src/main.c:208:6:OLED_update_time	8	static
../Core/Src/main.c:245:6:ENC_ALARM_update	16	static
../Core/Src/main.c:272:6:ENC_CLOCK_update	16	static
../Core/Src/main.c:330:6:LCD_show_clock_screen	104	static
../Core/Src/main.c:346:6:LCD_show_edit_clock_screen	80	static
../Core/Src/main.c:405:6:LCD_show_alarm_screen	8	static
../Core/Src/main.c:420:6:LCD_update	8	static
../Core/Src/main.c:454:6:Error_Handler	4	static,ignoring_inline_asm
