../Core/Src/stm32f4xx_it.c:85:6:NMI_Handler	4	static
../Core/Src/stm32f4xx_it.c:100:6:HardFault_Handler	4	static
../Core/Src/stm32f4xx_it.c:115:6:MemManage_Handler	4	static
../Core/Src/stm32f4xx_it.c:130:6:BusFault_Handler	4	static
../Core/Src/stm32f4xx_it.c:145:6:UsageFault_Handler	4	static
../Core/Src/stm32f4xx_it.c:160:6:SVC_Handler	4	static
../Core/Src/stm32f4xx_it.c:173:6:DebugMon_Handler	4	static
../Core/Src/stm32f4xx_it.c:186:6:PendSV_Handler	4	static
../Core/Src/stm32f4xx_it.c:199:6:SysTick_Handler	8	static
../Core/Src/stm32f4xx_it.c:220:6:EXTI0_IRQHandler	8	static
../Core/Src/stm32f4xx_it.c:234:6:EXTI1_IRQHandler	8	static
../Core/Src/stm32f4xx_it.c:248:6:DMA1_Stream1_IRQHandler	8	static
../Core/Src/stm32f4xx_it.c:262:6:DMA1_Stream4_IRQHandler	8	static
../Core/Src/stm32f4xx_it.c:276:6:TIM1_BRK_TIM9_IRQHandler	8	static
../Core/Src/stm32f4xx_it.c:290:6:TIM1_UP_TIM10_IRQHandler	8	static
../Core/Src/stm32f4xx_it.c:304:6:TIM3_IRQHandler	8	static
../Core/Src/stm32f4xx_it.c:318:6:TIM4_IRQHandler	8	static
../Core/Src/stm32f4xx_it.c:332:6:I2C1_EV_IRQHandler	8	static
../Core/Src/stm32f4xx_it.c:346:6:RTC_Alarm_IRQHandler	8	static
../Core/Src/stm32f4xx_it.c:360:6:I2C3_EV_IRQHandler	8	static
../Core/Src/stm32f4xx_it.c:372:6:HAL_TIM_PWM_PulseFinishedCallback	16	static
../Core/Src/stm32f4xx_it.c:391:6:HAL_GPIO_EXTI_Callback	16	static
../Core/Src/stm32f4xx_it.c:422:6:HAL_RTC_AlarmAEventCallback	16	static
