../Core/Src/stm32f4xx_it.c:88:6:NMI_Handler	4	static
../Core/Src/stm32f4xx_it.c:103:6:HardFault_Handler	4	static
../Core/Src/stm32f4xx_it.c:118:6:MemManage_Handler	4	static
../Core/Src/stm32f4xx_it.c:133:6:BusFault_Handler	4	static
../Core/Src/stm32f4xx_it.c:148:6:UsageFault_Handler	4	static
../Core/Src/stm32f4xx_it.c:163:6:SVC_Handler	4	static
../Core/Src/stm32f4xx_it.c:176:6:DebugMon_Handler	4	static
../Core/Src/stm32f4xx_it.c:189:6:PendSV_Handler	4	static
../Core/Src/stm32f4xx_it.c:202:6:SysTick_Handler	8	static
../Core/Src/stm32f4xx_it.c:223:6:EXTI0_IRQHandler	8	static
../Core/Src/stm32f4xx_it.c:237:6:EXTI1_IRQHandler	8	static
../Core/Src/stm32f4xx_it.c:251:6:EXTI2_IRQHandler	8	static
../Core/Src/stm32f4xx_it.c:265:6:DMA1_Stream1_IRQHandler	8	static
../Core/Src/stm32f4xx_it.c:279:6:DMA1_Stream4_IRQHandler	8	static
../Core/Src/stm32f4xx_it.c:293:6:TIM1_BRK_TIM9_IRQHandler	8	static
../Core/Src/stm32f4xx_it.c:307:6:TIM1_UP_TIM10_IRQHandler	8	static
../Core/Src/stm32f4xx_it.c:321:6:TIM3_IRQHandler	8	static
../Core/Src/stm32f4xx_it.c:335:6:TIM4_IRQHandler	8	static
../Core/Src/stm32f4xx_it.c:349:6:I2C1_EV_IRQHandler	8	static
../Core/Src/stm32f4xx_it.c:363:6:RTC_Alarm_IRQHandler	8	static
../Core/Src/stm32f4xx_it.c:377:6:I2C3_EV_IRQHandler	8	static
../Core/Src/stm32f4xx_it.c:389:6:HAL_TIM_PWM_PulseFinishedCallback	16	static
../Core/Src/stm32f4xx_it.c:407:6:HAL_GPIO_EXTI_Callback	16	static
../Core/Src/stm32f4xx_it.c:472:6:HAL_RTC_AlarmAEventCallback	16	static
